[p.w3layouts.com/demos/aug-2016/02-08-2016/new_shop/web/index.html]
[backblue.gif]
[fade.gif]
[index.html]
[p.w3layouts.com/demos/aug-2016/02-08-2016/new_shop/web/css/bootstrap.css]
[p.w3layouts.com/demos/aug-2016/02-08-2016/new_shop/web/css/style.css]
[p.w3layouts.com/demos/aug-2016/02-08-2016/new_shop/web/css/font-awesome.css]
[p.w3layouts.com/demos/aug-2016/02-08-2016/new_shop/web/js/jquery.min.js]
[p.w3layouts.com/demos/aug-2016/02-08-2016/new_shop/web/js/main.js]
[p.w3layouts.com/demos/aug-2016/02-08-2016/new_shop/web/js/responsiveslides.min.js]
[p.w3layouts.com/demos/aug-2016/02-08-2016/new_shop/web/js/bootstrap-3.1.1.min.js]
[p.w3layouts.com/demos/aug-2016/02-08-2016/new_shop/web/js/simpleCart.min.js]
[p.w3layouts.com/demos/aug-2016/02-08-2016/new_shop/web/js/jstarbox.js]
[ajax.googleapis.com/ajax/libs/jquery/1.10.2/jquery.min.js]
[p.w3layouts.com/demos/aug-2016/02-08-2016/new_shop/web/css/jstarbox.css]
[www.google-analytics.com/analytics.js]
[m.servedby-buysellads.com/monetization.js]
[p.w3layouts.com/demos/aug-2016/02-08-2016/new_shop/web/checkout.html]
[p.w3layouts.com/demos/aug-2016/02-08-2016/new_shop/web/login.html]
[p.w3layouts.com/demos/aug-2016/02-08-2016/new_shop/web/registered.html]
[p.w3layouts.com/demos/aug-2016/02-08-2016/new_shop/web/index-2.html]
[p.w3layouts.com/demos/aug-2016/02-08-2016/new_shop/web/products.html]
[p.w3layouts.com/demos/aug-2016/02-08-2016/new_shop/web/images/woo.jpg]
[p.w3layouts.com/demos/aug-2016/02-08-2016/new_shop/web/images/woo1.jpg]
[p.w3layouts.com/demos/aug-2016/02-08-2016/new_shop/web/products1.html]
[p.w3layouts.com/demos/aug-2016/02-08-2016/new_shop/web/images/woo3.jpg]
[p.w3layouts.com/demos/aug-2016/02-08-2016/new_shop/web/images/woo4.jpg]
[p.w3layouts.com/demos/aug-2016/02-08-2016/new_shop/web/codes.html]
[p.w3layouts.com/demos/aug-2016/02-08-2016/new_shop/web/mail.html]
[p.w3layouts.com/demos/aug-2016/02-08-2016/new_shop/web/images/bag.png]
[p.w3layouts.com/demos/aug-2016/02-08-2016/new_shop/web/images/b2.jpg]
[p.w3layouts.com/demos/aug-2016/02-08-2016/new_shop/web/images/b3.jpg]
[p.w3layouts.com/demos/aug-2016/02-08-2016/new_shop/web/images/b4.jpg]
[p.w3layouts.com/demos/aug-2016/02-08-2016/new_shop/web/css/coreSlider.css]
[p.w3layouts.com/demos/aug-2016/02-08-2016/new_shop/web/js/coreSlider.js]
[p.w3layouts.com/demos/aug-2016/02-08-2016/new_shop/web/images/p1.jpg]
[p.w3layouts.com/demos/aug-2016/02-08-2016/new_shop/web/images/p2.jpg]
[p.w3layouts.com/demos/aug-2016/02-08-2016/new_shop/web/images/p3.jpg]
[p.w3layouts.com/demos/aug-2016/02-08-2016/new_shop/web/images/p4.jpg]
[p.w3layouts.com/demos/aug-2016/02-08-2016/new_shop/web/images/p6.jpg]
[p.w3layouts.com/demos/aug-2016/02-08-2016/new_shop/web/images/p5.jpg]
[p.w3layouts.com/demos/aug-2016/02-08-2016/new_shop/web/single.html]
[p.w3layouts.com/demos/aug-2016/02-08-2016/new_shop/web/images/p7.jpg]
[p.w3layouts.com/demos/aug-2016/02-08-2016/new_shop/web/images/p8.jpg]
[p.w3layouts.com/demos/aug-2016/02-08-2016/new_shop/web/images/p10.jpg]
[p.w3layouts.com/demos/aug-2016/02-08-2016/new_shop/web/images/p9.jpg]
[p.w3layouts.com/demos/aug-2016/02-08-2016/new_shop/web/images/p11.jpg]
[p.w3layouts.com/demos/aug-2016/02-08-2016/new_shop/web/images/p12.jpg]
[p.w3layouts.com/demos/aug-2016/02-08-2016/new_shop/web/images/p14.jpg]
[p.w3layouts.com/demos/aug-2016/02-08-2016/new_shop/web/images/p13.jpg]
[p.w3layouts.com/demos/aug-2016/02-08-2016/new_shop/web/images/p15.jpg]
[p.w3layouts.com/demos/aug-2016/02-08-2016/new_shop/web/images/p16.jpg]
[p.w3layouts.com/demos/aug-2016/02-08-2016/new_shop/web/images/p18.jpg]
[p.w3layouts.com/demos/aug-2016/02-08-2016/new_shop/web/images/p17.jpg]
[p.w3layouts.com/demos/aug-2016/02-08-2016/new_shop/web/images/p20.jpg]
[p.w3layouts.com/demos/aug-2016/02-08-2016/new_shop/web/images/p19.jpg]
[p.w3layouts.com/demos/aug-2016/02-08-2016/new_shop/web/images/p21.jpg]
[p.w3layouts.com/demos/aug-2016/02-08-2016/new_shop/web/images/p22.jpg]
[p.w3layouts.com/demos/aug-2016/02-08-2016/new_shop/web/images/p24.jpg]
[p.w3layouts.com/demos/aug-2016/02-08-2016/new_shop/web/images/p23.jpg]
[p.w3layouts.com/demos/aug-2016/02-08-2016/new_shop/web/images/p26.jpg]
[p.w3layouts.com/demos/aug-2016/02-08-2016/new_shop/web/images/p25.jpg]
[p.w3layouts.com/demos/aug-2016/02-08-2016/new_shop/web/images/l1.jpg]
[p.w3layouts.com/demos/aug-2016/02-08-2016/new_shop/web/images/l2.jpg]
[p.w3layouts.com/demos/aug-2016/02-08-2016/new_shop/web/images/l3.jpg]
[p.w3layouts.com/demos/aug-2016/02-08-2016/new_shop/web/images/l4.jpg]
[p.w3layouts.com/demos/aug-2016/02-08-2016/new_shop/web/images/l5.jpg]
[p.w3layouts.com/demos/aug-2016/02-08-2016/new_shop/web/images/l6.jpg]
[p.w3layouts.com/demos/aug-2016/02-08-2016/new_shop/web/images/p28.jpg]
[p.w3layouts.com/demos/aug-2016/02-08-2016/new_shop/web/images/p27.jpg]
[p.w3layouts.com/demos/aug-2016/02-08-2016/new_shop/web/images/p30.jpg]
[p.w3layouts.com/demos/aug-2016/02-08-2016/new_shop/web/images/p29.jpg]
[p.w3layouts.com/demos/aug-2016/02-08-2016/new_shop/web/images/s2.jpg]
[p.w3layouts.com/demos/aug-2016/02-08-2016/new_shop/web/images/s1.jpg]
[p.w3layouts.com/demos/aug-2016/02-08-2016/new_shop/web/images/s4.jpg]
[p.w3layouts.com/demos/aug-2016/02-08-2016/new_shop/web/images/s3.jpg]
[p.w3layouts.com/demos/aug-2016/02-08-2016/new_shop/web/images/card.png]
[p.w3layouts.com/demos/aug-2016/02-08-2016/new_shop/web/index.html]
[p.w3layouts.com/demos/aug-2016/02-08-2016/new_shop/web/fonts/glyphicons-halflings-regular.eot]
[p.w3layouts.com/demos/aug-2016/02-08-2016/new_shop/web/fonts/glyphicons-halflings-regulard41d.eot]
[p.w3layouts.com/demos/aug-2016/02-08-2016/new_shop/web/fonts/glyphicons-halflings-regular.woff]
[p.w3layouts.com/demos/aug-2016/02-08-2016/new_shop/web/fonts/glyphicons-halflings-regular.ttf]
[p.w3layouts.com/demos/aug-2016/02-08-2016/new_shop/web/fonts/glyphicons-halflings-regular.svg]
[p.w3layouts.com/demos/aug-2016/02-08-2016/new_shop/web/images/pagenate.png]
[p.w3layouts.com/demos/aug-2016/02-08-2016/new_shop/web/css/bootstrap.css]
[p.w3layouts.com/demos/aug-2016/02-08-2016/new_shop/web/images/ban1.jpg]
[p.w3layouts.com/demos/aug-2016/02-08-2016/new_shop/web/images/img-sprite.png]
[p.w3layouts.com/demos/aug-2016/02-08-2016/new_shop/web/images/icons1.png]
[p.w3layouts.com/demos/aug-2016/02-08-2016/new_shop/web/images/close_1.png]
[p.w3layouts.com/demos/aug-2016/02-08-2016/new_shop/web/css/0]
[p.w3layouts.com/demos/aug-2016/02-08-2016/new_shop/web/css/style.css]
[p.w3layouts.com/demos/aug-2016/02-08-2016/new_shop/web/fonts/fontawesome-webfont3295.eot]
[p.w3layouts.com/demos/aug-2016/02-08-2016/new_shop/web/fonts/fontawesome-webfontd41d.eot]
[p.w3layouts.com/demos/aug-2016/02-08-2016/new_shop/web/fonts/fontawesome-webfont3295.woff2]
[p.w3layouts.com/demos/aug-2016/02-08-2016/new_shop/web/fonts/fontawesome-webfont3295.woff]
[p.w3layouts.com/demos/aug-2016/02-08-2016/new_shop/web/fonts/fontawesome-webfont3295.ttf]
[p.w3layouts.com/demos/aug-2016/02-08-2016/new_shop/web/css/font-awesome.css]
[p.w3layouts.com/demos/aug-2016/02-08-2016/new_shop/web/fonts/fontawesome-webfont3295.svg]
[raw.githubusercontent.com/sabberworm/jStarbox/master/images/5-small.png]
[p.w3layouts.com/demos/aug-2016/02-08-2016/new_shop/web/css/jstarbox.css]
[publisher.eboundservices.com/dynamicAds/dynamicScript.js]
[p.w3layouts.com/demos/aug-2016/02-08-2016/new_shop/web/images/i7.jpg]
[p.w3layouts.com/demos/aug-2016/02-08-2016/new_shop/web/checkout.html]
[p.w3layouts.com/demos/aug-2016/02-08-2016/new_shop/web/login.html]
[p.w3layouts.com/demos/aug-2016/02-08-2016/new_shop/web/registered.html]
[p.w3layouts.com/demos/aug-2016/02-08-2016/new_shop/web/index-2.html]
[p.w3layouts.com/demos/aug-2016/02-08-2016/new_shop/web/css/jquery-ui.css]
[p.w3layouts.com/demos/aug-2016/02-08-2016/new_shop/web/images/r.jpg]
[p.w3layouts.com/demos/aug-2016/02-08-2016/new_shop/web/js/jquery-ui.js]
[p.w3layouts.com/demos/aug-2016/02-08-2016/new_shop/web/images/r1.jpg]
[p.w3layouts.com/demos/aug-2016/02-08-2016/new_shop/web/images/r2.jpg]
[p.w3layouts.com/demos/aug-2016/02-08-2016/new_shop/web/images/r3.jpg]
[p.w3layouts.com/demos/aug-2016/02-08-2016/new_shop/web/images/45.jpg]
[p.w3layouts.com/demos/aug-2016/02-08-2016/new_shop/web/images/img1.jpg]
[p.w3layouts.com/demos/aug-2016/02-08-2016/new_shop/web/images/img2.jpg]
[p.w3layouts.com/demos/aug-2016/02-08-2016/new_shop/web/images/menu1.png]
[p.w3layouts.com/demos/aug-2016/02-08-2016/new_shop/web/images/menu.png]
[p.w3layouts.com/demos/aug-2016/02-08-2016/new_shop/web/images/i2.jpg]
[p.w3layouts.com/demos/aug-2016/02-08-2016/new_shop/web/images/i1.jpg]
[p.w3layouts.com/demos/aug-2016/02-08-2016/new_shop/web/images/i4.jpg]
[p.w3layouts.com/demos/aug-2016/02-08-2016/new_shop/web/images/i3.jpg]
[p.w3layouts.com/demos/aug-2016/02-08-2016/new_shop/web/images/i6.jpg]
[p.w3layouts.com/demos/aug-2016/02-08-2016/new_shop/web/images/i5.jpg]
[p.w3layouts.com/demos/aug-2016/02-08-2016/new_shop/web/images/i8.jpg]
[p.w3layouts.com/demos/aug-2016/02-08-2016/new_shop/web/images/i10.jpg]
[p.w3layouts.com/demos/aug-2016/02-08-2016/new_shop/web/images/i9.jpg]
[p.w3layouts.com/demos/aug-2016/02-08-2016/new_shop/web/images/i12.jpg]
[p.w3layouts.com/demos/aug-2016/02-08-2016/new_shop/web/images/i11.jpg]
[p.w3layouts.com/demos/aug-2016/02-08-2016/new_shop/web/images/i14.jpg]
[p.w3layouts.com/demos/aug-2016/02-08-2016/new_shop/web/images/i13.jpg]
[p.w3layouts.com/demos/aug-2016/02-08-2016/new_shop/web/products.html]
[p.w3layouts.com/demos/aug-2016/02-08-2016/new_shop/web/images/img3.jpg]
[p.w3layouts.com/demos/aug-2016/02-08-2016/new_shop/web/images/img4.jpg]
[p.w3layouts.com/demos/aug-2016/02-08-2016/new_shop/web/images/s6.jpg]
[p.w3layouts.com/demos/aug-2016/02-08-2016/new_shop/web/images/s5.jpg]
[p.w3layouts.com/demos/aug-2016/02-08-2016/new_shop/web/images/s8.jpg]
[p.w3layouts.com/demos/aug-2016/02-08-2016/new_shop/web/images/s7.jpg]
[p.w3layouts.com/demos/aug-2016/02-08-2016/new_shop/web/images/s10.jpg]
[p.w3layouts.com/demos/aug-2016/02-08-2016/new_shop/web/images/s9.jpg]
[p.w3layouts.com/demos/aug-2016/02-08-2016/new_shop/web/images/s12.jpg]
[p.w3layouts.com/demos/aug-2016/02-08-2016/new_shop/web/images/s11.jpg]
[p.w3layouts.com/demos/aug-2016/02-08-2016/new_shop/web/products1.html]
[p.w3layouts.com/demos/aug-2016/02-08-2016/new_shop/web/codes.html]
[p.w3layouts.com/demos/aug-2016/02-08-2016/new_shop/web/mail.html]
[p.w3layouts.com/demos/aug-2016/02-08-2016/new_shop/web/images/b1.jpg]
[p.w3layouts.com/demos/aug-2016/02-08-2016/new_shop/web/images/arrow_right.png]
[p.w3layouts.com/demos/aug-2016/02-08-2016/new_shop/web/images/arrow_left.png]
[p.w3layouts.com/demos/aug-2016/02-08-2016/new_shop/web/css/images/dot.png]
[p.w3layouts.com/demos/aug-2016/02-08-2016/new_shop/web/css/coreSlider.css]
[p.w3layouts.com/demos/aug-2016/02-08-2016/new_shop/web/js/jquery.flexslider.js]
[p.w3layouts.com/demos/aug-2016/02-08-2016/new_shop/web/css/flexslider.css]
[p.w3layouts.com/demos/aug-2016/02-08-2016/new_shop/web/js/imagezoom.js]
[p.w3layouts.com/demos/aug-2016/02-08-2016/new_shop/web/css/owl.carousel.css]
[p.w3layouts.com/demos/aug-2016/02-08-2016/new_shop/web/js/owl.carousel.js]
[p.w3layouts.com/demos/aug-2016/02-08-2016/new_shop/web/images/si.jpg]
[p.w3layouts.com/demos/aug-2016/02-08-2016/new_shop/web/images/si1.jpg]
[p.w3layouts.com/demos/aug-2016/02-08-2016/new_shop/web/images/si2.jpg]
[p.w3layouts.com/demos/aug-2016/02-08-2016/new_shop/web/images/r4.jpg]
[p.w3layouts.com/demos/aug-2016/02-08-2016/new_shop/web/images/r5.jpg]
[p.w3layouts.com/demos/aug-2016/02-08-2016/new_shop/web/images/woo2.jpg]
[p.w3layouts.com/demos/aug-2016/02-08-2016/new_shop/web/images/men3.jpg]
[p.w3layouts.com/demos/aug-2016/02-08-2016/new_shop/web/single.html]
[p.w3layouts.com/demos/aug-2016/02-08-2016/new_shop/web/fonts/glyphicons-halflings-regular.html]
[p.w3layouts.com/demos/aug-2016/02-08-2016/new_shop/web/fonts/glyphicons-halflings-regulard41d.html]
[p.w3layouts.com/demos/aug-2016/02-08-2016/new_shop/web/fonts/glyphicons-halflings-regular-2.html]
[p.w3layouts.com/demos/aug-2016/02-08-2016/new_shop/web/fonts/glyphicons-halflings-regular-3.html]
[p.w3layouts.com/demos/aug-2016/02-08-2016/new_shop/web/images/pagenate.html]
[p.w3layouts.com/demos/aug-2016/02-08-2016/new_shop/web/css/0.html]
[p.w3layouts.com/demos/aug-2016/02-08-2016/new_shop/web/fonts/fontawesome-webfont3295.html]
[p.w3layouts.com/demos/aug-2016/02-08-2016/new_shop/web/fonts/fontawesome-webfont3295.svg]
[p.w3layouts.com/demos/aug-2016/02-08-2016/new_shop/web/css/jquery-ui.css]
[p.w3layouts.com/demos/aug-2016/02-08-2016/new_shop/web/css/images/dot.html]
[p.w3layouts.com/demos/aug-2016/02-08-2016/new_shop/web/fonts/webfont/flexslider-icon.eot]
[p.w3layouts.com/demos/aug-2016/02-08-2016/new_shop/web/fonts/webfonts/flexslider-icond41d.eot]
[p.w3layouts.com/demos/aug-2016/02-08-2016/new_shop/web/fonts/webfonts/flexslider-icon.woff]
[p.w3layouts.com/demos/aug-2016/02-08-2016/new_shop/web/fonts/webfonts/flexslider-icon.ttf]
[p.w3layouts.com/demos/aug-2016/02-08-2016/new_shop/web/fonts/webfonts/flexslider-icon.svg]
[p.w3layouts.com/demos/aug-2016/02-08-2016/new_shop/web/css/flexslider.css]
[p.w3layouts.com/demos/aug-2016/02-08-2016/new_shop/web/images/pagnate.png]
[p.w3layouts.com/demos/aug-2016/02-08-2016/new_shop/web/css/AjaxLoader.gif]
[p.w3layouts.com/demos/aug-2016/02-08-2016/new_shop/web/css/grabbing.png]
[p.w3layouts.com/demos/aug-2016/02-08-2016/new_shop/web/css/owl.carousel.css]
[p.w3layouts.com/demos/aug-2016/02-08-2016/new_shop/web/fonts/webfont/flexslider-icon.html]
[p.w3layouts.com/demos/aug-2016/02-08-2016/new_shop/web/fonts/webfonts/flexslider-icond41d.html]
[p.w3layouts.com/demos/aug-2016/02-08-2016/new_shop/web/fonts/webfonts/flexslider-icon.html]
[p.w3layouts.com/demos/aug-2016/02-08-2016/new_shop/web/fonts/webfonts/flexslider-icon-2.html]
[p.w3layouts.com/demos/aug-2016/02-08-2016/new_shop/web/fonts/webfonts/flexslider-icon-3.html]
[p.w3layouts.com/demos/aug-2016/02-08-2016/new_shop/web/images/pagnate.html]
[p.w3layouts.com/demos/aug-2016/02-08-2016/new_shop/web/css/AjaxLoader.html]
[p.w3layouts.com/demos/aug-2016/02-08-2016/new_shop/web/css/grabbing.html]
